[2026-03-26 14:29:26,288] multiqc                                            [DEBUG  ]  This is MultiQC v1.17
[2026-03-26 14:29:26,294] multiqc                                            [DEBUG  ]  Loading config settings from: /opt/conda/envs/main/lib/python3.11/site-packages/sequana/resources/../multiqc//multiqc_config.yaml
[2026-03-26 14:29:26,295] multiqc                                            [DEBUG  ]  New config: {'title': 'Sequana pipeline multiqc report', 'prepend_dirs': False, 'output_fn_name': 'multiqc_report.html', 'data_dir_name': 'multiqc_data', 'make_data_dir': True, 'fn_ignore_files': ['.DS_Store'], 'fn_ignore_dirs': ['.snakemake'], 'fn_ignore_paths': ['*/path/to/*_files/'], 'log_filesize_limit': 5000000, 'report_readerrors': False, 'report_imgskips': False, 'no_version_check': False, 'plots_force_flat': False, 'plots_force_interactive': False, 'plots_flat_numseries': 100, 'num_datasets_plot_limit': 50, 'max_table_rows': 500, 'custom_logo': None, 'custom_logo_url': None, 'custom_logo_title': 'Institut Pasteur, Biomics platform', 'subtitle': '', 'intro_text': '', 'report_header_info': [{'Authors:': '<a href="http://github.com/sequana/sequana">Sequana developers'}, {'Want to know more?': 'See the <a href="http://sequana.readthedocs.io" target="_blank">Sequana documentation</a>'}, {'Citations:': 'If you used Sequanix, Sequana or Sequana_coverage tool, please see <a href="http://sequana.readthedocs.io">How to cite ?</a> section. In particular, if you use this report in a publication, please cite Sequana (see link here above). You may want to consider adding a note in the acknowledgement to thank bioinformaticians or bioanalysts for their feedbacks.'}], 'table_columns_visible': {'FastQC': {'percent_fails': False, 'total_sequences': True, 'percent_duplicates': False, 'percent_gc': True, 'avg_sequence_length': True}}}
[2026-03-26 14:29:26,295] multiqc                                            [DEBUG  ]  Added to filename patterns: [{'star': {'fn': '*Log.final.out'}, 'trimmomatic': {'contents': 'Trimmomatic'}, 'sequana_kraken': {'fn': 'sequana_kraken_summary.json'}, 'sequana_bamtools_stats': {'fn': 'sequana_bamtools_stats*.txt'}, 'sequana_pacbio_qc': {'fn': 'sequana_summary_pacbio_qc*.json'}, 'sequana_quality_control': {'fn': 'summary.json'}, 'sequana_coverage': {'fn': 'sequana_summary_coverage.json'}, 'sequana_isoseq': {'fn': 'sequana_summary_isoseq.json'}, 'sequana_isoseq_qc': {'fn': 'sequana_summary_isoseq_qc.json'}, 'sequana_laa': {'fn': 'sequana_laa*.json'}, 'sequana_pacbio_amplicon': {'fn': 'sequana_pacbio_amplicon_*.json'}}]
[2026-03-26 14:29:26,295] multiqc                                            [DEBUG  ]  Added to filename clean extensions: [['.gz', '.fastq', '.fq', '.bam', '.sam', '.sra', '_tophat', '_star_aligned', '_fastqc']]
[2026-03-26 14:29:26,295] multiqc                                            [DEBUG  ]  Command used: /opt/conda/envs/main/bin/multiqc . -m sequana_coverage -f -c /opt/conda/envs/main/lib/python3.11/site-packages/sequana/resources/../multiqc//multiqc_config.yaml
[2026-03-26 14:29:26,432] multiqc                                            [DEBUG  ]  Could not connect to multiqc.info for version check: module 'packaging.version' has no attribute 'StrictVersion'
[2026-03-26 14:29:26,432] multiqc                                            [DEBUG  ]  Working dir : /home/cokelaer/Work/github/paper_LORA/data/flye_10_bis/hifi3/sequana_coverage
[2026-03-26 14:29:26,432] multiqc                                            [DEBUG  ]  Template    : default
[2026-03-26 14:29:26,432] multiqc                                            [DEBUG  ]  Running Python 3.11.10 | packaged by conda-forge | (main, Oct 16 2024, 01:27:36) [GCC 13.3.0]
[2026-03-26 14:29:26,432] multiqc                                            [INFO   ]  Report title: Sequana pipeline multiqc report
[2026-03-26 14:29:26,432] multiqc                                            [INFO   ]  Only using modules: sequana_coverage
[2026-03-26 14:29:26,432] multiqc                                            [DEBUG  ]  Analysing modules: sequana_coverage
[2026-03-26 14:29:26,432] multiqc                                            [DEBUG  ]  Using temporary directory for creating report: /tmp/tmp4udv26my
[2026-03-26 14:29:26,434] multiqc                                            [INFO   ]  Search path : /home/cokelaer/Work/github/paper_LORA/data/flye_10_bis/hifi3/sequana_coverage
[2026-03-26 14:29:26,434] multiqc                                            [DEBUG  ]  Ignored 321 search patterns as didn't match running modules.
[2026-03-26 14:29:26,439] multiqc                                            [DEBUG  ]  Summary of files that were skipped by the search: [skipped_no_match: 40]
[2026-03-26 14:29:26,441] multiqc.plots.bargraph                             [DEBUG  ]  Using matplotlib version 3.9.2
[2026-03-26 14:29:26,443] multiqc.plots.linegraph                            [DEBUG  ]  Using matplotlib version 3.9.2
[2026-03-26 14:29:26,449] multiqc.utils.software_versions                    [DEBUG  ]  Reading software versions from config.software_versions
[2026-03-26 14:29:26,453] multiqc                                            [DEBUG  ]  Compressing plot data
[2026-03-26 14:29:26,460] multiqc                                            [INFO   ]  Report      : multiqc_report.html
[2026-03-26 14:29:26,461] multiqc                                            [INFO   ]  Data        : multiqc_data
[2026-03-26 14:29:26,461] multiqc                                            [DEBUG  ]  Moving data file from '/tmp/tmp4udv26my/multiqc_data' to '/home/cokelaer/Work/github/paper_LORA/data/flye_10_bis/hifi3/sequana_coverage/multiqc_data'
[2026-03-26 14:29:26,462] multiqc                                            [DEBUG  ]  Full report path: /home/cokelaer/Work/github/paper_LORA/data/flye_10_bis/hifi3/sequana_coverage/multiqc_report.html
[2026-03-26 14:29:26,514] multiqc                                            [INFO   ]  MultiQC complete
